'python' n’est pas reconnu en tant que commande interne
ou externe, un programme exécutable ou un fichier de commandes.
